[INFO] Using PROJECT_DIR=/work/hdd/bdpr/vmattoo2/tor-relay-stats
[INFO] SLURM_JOB_ID=13593811
[INFO] Hostname: cn076.delta.ncsa.illinois.edu
[INFO] Starting at: 2025-11-07T07:24:02-06:00
[INFO] Relay fingerprint: A489D37070A5081D814C1F112139EEF0DDC03A48
Python 3.6.8
[INFO] Installing Python dependencies
Requirement already satisfied: pip in ./.venv/lib/python3.6/site-packages (21.3.1)
Requirement already satisfied: numpy in ./.venv/lib/python3.6/site-packages (1.19.5)
Requirement already satisfied: matplotlib in ./.venv/lib/python3.6/site-packages (3.3.4)
Requirement already satisfied: pillow>=6.2.0 in ./.venv/lib/python3.6/site-packages (from matplotlib) (8.4.0)
Requirement already satisfied: kiwisolver>=1.0.1 in ./.venv/lib/python3.6/site-packages (from matplotlib) (1.3.1)
Requirement already satisfied: python-dateutil>=2.1 in ./.venv/lib/python3.6/site-packages (from matplotlib) (2.9.0.post0)
Requirement already satisfied: pyparsing!=2.0.4,!=2.1.2,!=2.1.6,>=2.0.3 in ./.venv/lib/python3.6/site-packages (from matplotlib) (3.1.4)
Requirement already satisfied: cycler>=0.10 in ./.venv/lib/python3.6/site-packages (from matplotlib) (0.11.0)
Requirement already satisfied: six>=1.5 in ./.venv/lib/python3.6/site-packages (from python-dateutil>=2.1->matplotlib) (1.17.0)
[STEP] Running relay analysis for 2024 (incremental)

Analyzing relay: A489D37070A5081D814C1F112139EEF0DDC03A48
Processing measurements from /work/hdd/bdpr/vmattoo2/tor-relay-stats/bandwidth_data...
Processing 47031 files...
  Processed 1000 measurements...
  Processed 2000 measurements...
  Processed 3000 measurements...
  Processed 4000 measurements...
  Processed 5000 measurements...
  Processed 6000 measurements...
  Processed 7000 measurements...
  Processed 8000 measurements...
  Processed 9000 measurements...
  Processed 10000 measurements...
  Processed 11000 measurements...
  Processed 12000 measurements...
  Processed 13000 measurements...
