[INFO] Using PROJECT_DIR=/work/hdd/bdpr/vmattoo2/tor-relay-stats
[INFO] SLURM_JOB_ID=13592052
[INFO] Hostname: cn100.delta.ncsa.illinois.edu
[INFO] Starting at: 2025-11-07T04:05:42-06:00
[INFO] Relay fingerprint: 04102613D8F998E956A7868D2DE5A532EE2473EA
Python 3.6.8
[INFO] Installing Python dependencies
Requirement already satisfied: pip in ./.venv/lib/python3.6/site-packages (21.3.1)
Requirement already satisfied: numpy in ./.venv/lib/python3.6/site-packages (1.19.5)
Requirement already satisfied: matplotlib in ./.venv/lib/python3.6/site-packages (3.3.4)
Requirement already satisfied: pyparsing!=2.0.4,!=2.1.2,!=2.1.6,>=2.0.3 in ./.venv/lib/python3.6/site-packages (from matplotlib) (3.1.4)
Requirement already satisfied: cycler>=0.10 in ./.venv/lib/python3.6/site-packages (from matplotlib) (0.11.0)
Requirement already satisfied: python-dateutil>=2.1 in ./.venv/lib/python3.6/site-packages (from matplotlib) (2.9.0.post0)
Requirement already satisfied: pillow>=6.2.0 in ./.venv/lib/python3.6/site-packages (from matplotlib) (8.4.0)
Requirement already satisfied: kiwisolver>=1.0.1 in ./.venv/lib/python3.6/site-packages (from matplotlib) (1.3.1)
Requirement already satisfied: six>=1.5 in ./.venv/lib/python3.6/site-packages (from python-dateutil>=2.1->matplotlib) (1.17.0)
[STEP] Running relay analysis for 2024 (incremental)

Analyzing relay: 04102613D8F998E956A7868D2DE5A532EE2473EA
Processing measurements from /work/hdd/bdpr/vmattoo2/tor-relay-stats/bandwidth_data...
Processing 47031 files...
  Processed 1000 measurements...
  Processed 2000 measurements...
  Processed 3000 measurements...
  Processed 4000 measurements...
  Processed 5000 measurements...
  Processed 6000 measurements...
  Processed 7000 measurements...
  Processed 8000 measurements...
  Processed 9000 measurements...
  Processed 10000 measurements...
  Processed 11000 measurements...
  Processed 12000 measurements...
  Processed 13000 measurements...
  Processed 14000 measurements...
  Processed 15000 measurements...
  Processed 16000 measurements...
  Processed 17000 measurements...
  Processed 18000 measurements...
  Processed 19000 measurements...
  Processed 20000 measurements...
  Processed 21000 measurements...
  Processed 22000 measurements...
  Processed 23000 measurements...
  Processed 24000 measurements...
  Processed 25000 measurements...
  Processed 26000 measurements...
  Processed 27000 measurements...
  Processed 28000 measurements...
  Processed 29000 measurements...
  Processed 30000 measurements...
  Processed 31000 measurements...
  Processed 32000 measurements...
  Processed 33000 measurements...
  Processed 34000 measurements...
  Processed 35000 measurements...
  Processed 36000 measurements...
  Processed 37000 measurements...
  Processed 38000 measurements...
  Processed 39000 measurements...
  Processed 40000 measurements...
  Processed 41000 measurements...
  Processed 42000 measurements...
  Processed 43000 measurements...
  Processed 44000 measurements...
  Processed 45000 measurements...
  Processed 46000 measurements...
  Processed 47000 measurements...

Processed 47019 measurements
Date range: 2024-01-01 00:35:57+00:00 to 2024-12-31 23:45:49+00:00

Average bandwidth by hour (UTC):
  00:00 - 1522929.00 KB/s (1909 measurements)
  01:00 - 1522649.18 KB/s (1939 measurements)
  02:00 - 1511346.12 KB/s (1937 measurements)
  03:00 - 1523928.48 KB/s (1905 measurements)
  04:00 - 1528296.98 KB/s (1901 measurements)
  05:00 - 1511601.17 KB/s (1925 measurements)
  06:00 - 1529821.40 KB/s (1879 measurements)
  07:00 - 1522323.84 KB/s (1894 measurements)
  08:00 - 1528838.88 KB/s (1920 measurements)
  09:00 - 1527027.77 KB/s (1913 measurements)
  10:00 - 1531613.25 KB/s (1937 measurements)
  11:00 - 1532379.67 KB/s (1940 measurements)
  12:00 - 1542746.87 KB/s (1981 measurements)
  13:00 - 1534842.31 KB/s (1967 measurements)
  14:00 - 1655772.51 KB/s (2361 measurements)
  15:00 - 1509448.71 KB/s (1990 measurements)
  16:00 - 1529296.20 KB/s (1955 measurements)
  17:00 - 1528883.51 KB/s (1963 measurements)
  18:00 - 1528583.44 KB/s (1978 measurements)
  19:00 - 1529076.77 KB/s (1960 measurements)
  20:00 - 1534312.78 KB/s (1970 measurements)
  21:00 - 1525651.56 KB/s (1961 measurements)
  22:00 - 1526889.50 KB/s (1956 measurements)
  23:00 - 1529187.54 KB/s (1934 measurements)

Average bandwidth by day of week:
  Monday    - 1538309.27 KB/s (6722 measurements)
  Tuesday   - 1552824.23 KB/s (6814 measurements)
  Wednesday - 1539564.33 KB/s (6658 measurements)
  Thursday  - 1519670.34 KB/s (6790 measurements)
  Friday    - 1558823.87 KB/s (6959 measurements)
  Saturday  - 1511930.22 KB/s (6592 measurements)
  Sunday    - 1508170.70 KB/s (6440 measurements)

Generating plots...
Saved plot to relay_04102613_hourly.png
Saved plot to relay_04102613_daily.png

Analysis complete for relay 04102613D8F998E956A7868D2DE5A532EE2473EA
[DONE] Completed at: 2025-11-07T09:34:33-06:00
