[INFO] Using PROJECT_DIR=/work/hdd/bdpr/vmattoo2/tor-relay-stats
[INFO] SLURM_JOB_ID=13590694
[INFO] Hostname: cn008.delta.ncsa.illinois.edu
[INFO] Starting at: 2025-11-07T01:13:15-06:00
Python 3.6.8
[INFO] Installing Python dependencies
Requirement already satisfied: pip in ./.venv/lib/python3.6/site-packages (21.3.1)
Requirement already satisfied: numpy in ./.venv/lib/python3.6/site-packages (1.19.5)
Requirement already satisfied: matplotlib in ./.venv/lib/python3.6/site-packages (3.3.4)
Requirement already satisfied: pillow>=6.2.0 in ./.venv/lib/python3.6/site-packages (from matplotlib) (8.4.0)
Requirement already satisfied: python-dateutil>=2.1 in ./.venv/lib/python3.6/site-packages (from matplotlib) (2.9.0.post0)
Requirement already satisfied: kiwisolver>=1.0.1 in ./.venv/lib/python3.6/site-packages (from matplotlib) (1.3.1)
Requirement already satisfied: pyparsing!=2.0.4,!=2.1.2,!=2.1.6,>=2.0.3 in ./.venv/lib/python3.6/site-packages (from matplotlib) (3.1.4)
Requirement already satisfied: cycler>=0.10 in ./.venv/lib/python3.6/site-packages (from matplotlib) (0.11.0)
Requirement already satisfied: six>=1.5 in ./.venv/lib/python3.6/site-packages (from python-dateutil>=2.1->matplotlib) (1.17.0)
[STEP] Running network-wide analysis for 2024

Analyzing overall network bandwidth...
Processing measurements from /work/hdd/bdpr/vmattoo2/tor-relay-stats/bandwidth_data...
Processing 47031 files...
  Processed 1000 measurements...
  Processed 2000 measurements...
  Processed 3000 measurements...
  Processed 4000 measurements...
  Processed 5000 measurements...
  Processed 6000 measurements...
  Processed 7000 measurements...
  Processed 8000 measurements...
  Processed 9000 measurements...
  Processed 10000 measurements...
  Processed 11000 measurements...
  Processed 12000 measurements...
  Processed 13000 measurements...
  Processed 14000 measurements...
  Processed 15000 measurements...
  Processed 16000 measurements...
  Processed 17000 measurements...
  Processed 18000 measurements...
  Processed 19000 measurements...
  Processed 20000 measurements...
  Processed 21000 measurements...
  Processed 22000 measurements...
  Processed 23000 measurements...
  Processed 24000 measurements...
  Processed 25000 measurements...
  Processed 26000 measurements...
  Processed 27000 measurements...
  Processed 28000 measurements...
  Processed 29000 measurements...
  Processed 30000 measurements...
  Processed 31000 measurements...
  Processed 32000 measurements...
  Processed 33000 measurements...
  Processed 34000 measurements...
  Processed 35000 measurements...
  Processed 36000 measurements...
  Processed 37000 measurements...
  Processed 38000 measurements...
  Processed 39000 measurements...
  Processed 40000 measurements...
  Processed 41000 measurements...
  Processed 42000 measurements...
  Processed 43000 measurements...
  Processed 44000 measurements...
  Processed 45000 measurements...
  Processed 46000 measurements...
  Processed 47000 measurements...

Processed 47019 measurements
Date range: 2024-01-01 00:35:57+00:00 to 2024-12-31 23:45:49+00:00

Average total network bandwidth by hour (UTC):
  00:00 - 13320.474 GB/s (1911 measurements)
  01:00 - 13312.358 GB/s (1940 measurements)
  02:00 - 13198.672 GB/s (1939 measurements)
  03:00 - 13199.280 GB/s (1908 measurements)
  04:00 - 13284.174 GB/s (1904 measurements)
  05:00 - 13028.989 GB/s (1928 measurements)
  06:00 - 13087.453 GB/s (1882 measurements)
  07:00 - 13213.719 GB/s (1896 measurements)
  08:00 - 13318.097 GB/s (1923 measurements)
  09:00 - 13259.376 GB/s (1915 measurements)
  10:00 - 13317.256 GB/s (1938 measurements)
  11:00 - 13345.016 GB/s (1942 measurements)
  12:00 - 13580.138 GB/s (1983 measurements)
  13:00 - 13456.261 GB/s (1969 measurements)
  14:00 - 12816.577 GB/s (2362 measurements)
  15:00 - 13215.325 GB/s (1991 measurements)
  16:00 - 13312.032 GB/s (1957 measurements)
  17:00 - 13281.615 GB/s (1966 measurements)
  18:00 - 13256.649 GB/s (1980 measurements)
  19:00 - 13314.803 GB/s (1960 measurements)
  20:00 - 13474.446 GB/s (1971 measurements)
  21:00 - 13297.231 GB/s (1961 measurements)
  22:00 - 13254.350 GB/s (1958 measurements)
  23:00 - 13311.763 GB/s (1935 measurements)

Average total network bandwidth by day of week:
  Monday    - 13427.522 GB/s (6726 measurements)
  Tuesday   - 13420.004 GB/s (6820 measurements)
  Wednesday - 13441.747 GB/s (6662 measurements)
  Thursday  - 13188.425 GB/s (6790 measurements)
  Friday    - 13108.098 GB/s (6964 measurements)
  Saturday  - 13226.161 GB/s (6611 measurements)
  Sunday    - 13044.476 GB/s (6446 measurements)

Generating plots...
Saved plot to network_hourly.png
Saved plot to network_daily.png

Network analysis complete
[DONE] Completed at: 2025-11-07T03:43:59-06:00
