[INFO] Using PROJECT_DIR=/work/hdd/bdpr/vmattoo2/tor-relay-stats
[INFO] SLURM_JOB_ID=13592397
[INFO] Hostname: cn100.delta.ncsa.illinois.edu
[INFO] Starting at: 2025-11-07T04:28:08-06:00
[INFO] Relay fingerprint: 1631F12CB368AAE3D04B9465FD8F93C0BBCE1850
Python 3.6.8
[INFO] Installing Python dependencies
Requirement already satisfied: pip in ./.venv/lib/python3.6/site-packages (21.3.1)
Requirement already satisfied: numpy in ./.venv/lib/python3.6/site-packages (1.19.5)
Requirement already satisfied: matplotlib in ./.venv/lib/python3.6/site-packages (3.3.4)
Requirement already satisfied: python-dateutil>=2.1 in ./.venv/lib/python3.6/site-packages (from matplotlib) (2.9.0.post0)
Requirement already satisfied: pillow>=6.2.0 in ./.venv/lib/python3.6/site-packages (from matplotlib) (8.4.0)
Requirement already satisfied: kiwisolver>=1.0.1 in ./.venv/lib/python3.6/site-packages (from matplotlib) (1.3.1)
Requirement already satisfied: pyparsing!=2.0.4,!=2.1.2,!=2.1.6,>=2.0.3 in ./.venv/lib/python3.6/site-packages (from matplotlib) (3.1.4)
Requirement already satisfied: cycler>=0.10 in ./.venv/lib/python3.6/site-packages (from matplotlib) (0.11.0)
Requirement already satisfied: six>=1.5 in ./.venv/lib/python3.6/site-packages (from python-dateutil>=2.1->matplotlib) (1.17.0)
[STEP] Running relay analysis for 2024 (incremental)

Analyzing relay: 1631F12CB368AAE3D04B9465FD8F93C0BBCE1850
Processing measurements from /work/hdd/bdpr/vmattoo2/tor-relay-stats/bandwidth_data...
Processing 47031 files...
  Processed 1000 measurements...
  Processed 2000 measurements...
  Processed 3000 measurements...
  Processed 4000 measurements...
  Processed 5000 measurements...
  Processed 6000 measurements...
  Processed 7000 measurements...
  Processed 8000 measurements...
  Processed 9000 measurements...
  Processed 10000 measurements...
  Processed 11000 measurements...
  Processed 12000 measurements...
  Processed 13000 measurements...
  Processed 14000 measurements...
  Processed 15000 measurements...
  Processed 16000 measurements...
  Processed 17000 measurements...
  Processed 18000 measurements...
  Processed 19000 measurements...
  Processed 20000 measurements...
  Processed 21000 measurements...
  Processed 22000 measurements...
  Processed 23000 measurements...
  Processed 24000 measurements...
  Processed 25000 measurements...
  Processed 26000 measurements...
  Processed 27000 measurements...
  Processed 28000 measurements...
  Processed 29000 measurements...
  Processed 30000 measurements...
  Processed 31000 measurements...
  Processed 32000 measurements...
  Processed 33000 measurements...
  Processed 34000 measurements...
  Processed 35000 measurements...
  Processed 36000 measurements...
  Processed 37000 measurements...
  Processed 38000 measurements...
  Processed 39000 measurements...
  Processed 40000 measurements...
  Processed 41000 measurements...
  Processed 42000 measurements...
  Processed 43000 measurements...
  Processed 44000 measurements...
  Processed 45000 measurements...
  Processed 46000 measurements...
  Processed 47000 measurements...

Processed 47019 measurements
Date range: 2024-01-01 00:35:57+00:00 to 2024-12-31 23:45:49+00:00

Average bandwidth by hour (UTC):
  00:00 -  334862.87 KB/s (1159 measurements)
  01:00 -  342905.82 KB/s (1176 measurements)
  02:00 -  331557.35 KB/s (1176 measurements)
  03:00 -  334594.64 KB/s (1145 measurements)
  04:00 -  351705.21 KB/s (1135 measurements)
  05:00 -  314236.36 KB/s (1156 measurements)
  06:00 -  344032.32 KB/s (1114 measurements)
  07:00 -  350839.04 KB/s (1126 measurements)
  08:00 -  364758.68 KB/s (1153 measurements)
  09:00 -  348359.75 KB/s (1150 measurements)
  10:00 -  356221.53 KB/s (1175 measurements)
  11:00 -  359340.48 KB/s (1175 measurements)
  12:00 -  376932.01 KB/s (1216 measurements)
  13:00 -  365354.03 KB/s (1205 measurements)
  14:00 -  280925.92 KB/s (1588 measurements)
  15:00 -  340160.70 KB/s (1221 measurements)
  16:00 -  351054.73 KB/s (1187 measurements)
  17:00 -  348521.39 KB/s (1197 measurements)
  18:00 -  342779.33 KB/s (1210 measurements)
  19:00 -  355247.96 KB/s (1191 measurements)
  20:00 -  358431.91 KB/s (1202 measurements)
  21:00 -  347258.41 KB/s (1193 measurements)
  22:00 -  340780.18 KB/s (1192 measurements)
  23:00 -  350157.63 KB/s (1179 measurements)

Average bandwidth by day of week:
  Monday    -  330401.84 KB/s (4127 measurements)
  Tuesday   -  328033.75 KB/s (4216 measurements)
  Wednesday -  371739.74 KB/s (4019 measurements)
  Thursday  -  352299.87 KB/s (4126 measurements)
  Friday    -  338542.58 KB/s (4282 measurements)
  Saturday  -  364405.35 KB/s (3988 measurements)
  Sunday    -  327720.98 KB/s (3863 measurements)

Generating plots...
Saved plot to relay_1631F12C_hourly.png
Saved plot to relay_1631F12C_daily.png

Analysis complete for relay 1631F12CB368AAE3D04B9465FD8F93C0BBCE1850
[DONE] Completed at: 2025-11-07T10:57:23-06:00
