[INFO] Using PROJECT_DIR=/work/hdd/bdpr/vmattoo2/tor-relay-stats
[INFO] SLURM_JOB_ID=13592424
[INFO] Hostname: cn100.delta.ncsa.illinois.edu
[INFO] Starting at: 2025-11-07T04:36:50-06:00
[INFO] Relay fingerprint: 369CC0E726E53B8566F25EEB7A72E4F88A217B9B
Python 3.6.8
[INFO] Installing Python dependencies
Requirement already satisfied: pip in ./.venv/lib/python3.6/site-packages (21.3.1)
Requirement already satisfied: numpy in ./.venv/lib/python3.6/site-packages (1.19.5)
Requirement already satisfied: matplotlib in ./.venv/lib/python3.6/site-packages (3.3.4)
Requirement already satisfied: pyparsing!=2.0.4,!=2.1.2,!=2.1.6,>=2.0.3 in ./.venv/lib/python3.6/site-packages (from matplotlib) (3.1.4)
Requirement already satisfied: pillow>=6.2.0 in ./.venv/lib/python3.6/site-packages (from matplotlib) (8.4.0)
Requirement already satisfied: cycler>=0.10 in ./.venv/lib/python3.6/site-packages (from matplotlib) (0.11.0)
Requirement already satisfied: kiwisolver>=1.0.1 in ./.venv/lib/python3.6/site-packages (from matplotlib) (1.3.1)
Requirement already satisfied: python-dateutil>=2.1 in ./.venv/lib/python3.6/site-packages (from matplotlib) (2.9.0.post0)
Requirement already satisfied: six>=1.5 in ./.venv/lib/python3.6/site-packages (from python-dateutil>=2.1->matplotlib) (1.17.0)
[STEP] Running relay analysis for 2024 (incremental)

Analyzing relay: 369CC0E726E53B8566F25EEB7A72E4F88A217B9B
Processing measurements from /work/hdd/bdpr/vmattoo2/tor-relay-stats/bandwidth_data...
Processing 47031 files...
  Processed 1000 measurements...
  Processed 2000 measurements...
  Processed 3000 measurements...
  Processed 4000 measurements...
  Processed 5000 measurements...
  Processed 6000 measurements...
  Processed 7000 measurements...
  Processed 8000 measurements...
  Processed 9000 measurements...
  Processed 10000 measurements...
  Processed 11000 measurements...
  Processed 12000 measurements...
  Processed 13000 measurements...
  Processed 14000 measurements...
  Processed 15000 measurements...
  Processed 16000 measurements...
  Processed 17000 measurements...
  Processed 18000 measurements...
  Processed 19000 measurements...
  Processed 20000 measurements...
  Processed 21000 measurements...
  Processed 22000 measurements...
  Processed 23000 measurements...
  Processed 24000 measurements...
  Processed 25000 measurements...
  Processed 26000 measurements...
  Processed 27000 measurements...
  Processed 28000 measurements...
  Processed 29000 measurements...
  Processed 30000 measurements...
  Processed 31000 measurements...
  Processed 32000 measurements...
  Processed 33000 measurements...
  Processed 34000 measurements...
  Processed 35000 measurements...
  Processed 36000 measurements...
  Processed 37000 measurements...
  Processed 38000 measurements...
  Processed 39000 measurements...
  Processed 40000 measurements...
  Processed 41000 measurements...
  Processed 42000 measurements...
  Processed 43000 measurements...
  Processed 44000 measurements...
  Processed 45000 measurements...
  Processed 46000 measurements...
  Processed 47000 measurements...

Processed 47019 measurements
Date range: 2024-01-01 00:35:57+00:00 to 2024-12-31 23:45:49+00:00

Average bandwidth by hour (UTC):
  00:00 -  505811.22 KB/s (1910 measurements)
  01:00 -  514566.52 KB/s (1940 measurements)
  02:00 -  493015.44 KB/s (1938 measurements)
  03:00 -  500188.11 KB/s (1906 measurements)
  04:00 -  503836.07 KB/s (1903 measurements)
  05:00 -  464502.22 KB/s (1927 measurements)
  06:00 -  504528.46 KB/s (1880 measurements)
  07:00 -  490212.49 KB/s (1895 measurements)
  08:00 -  518623.29 KB/s (1921 measurements)
  09:00 -  502118.17 KB/s (1914 measurements)
  10:00 -  511724.96 KB/s (1938 measurements)
  11:00 -  516315.54 KB/s (1940 measurements)
  12:00 -  554455.41 KB/s (1983 measurements)
  13:00 -  525261.80 KB/s (1968 measurements)
  14:00 -  440627.98 KB/s (2361 measurements)
  15:00 -  499997.64 KB/s (1991 measurements)
  16:00 -  513756.69 KB/s (1955 measurements)
  17:00 -  510391.77 KB/s (1964 measurements)
  18:00 -  508377.42 KB/s (1978 measurements)
  19:00 -  517036.68 KB/s (1960 measurements)
  20:00 -  535241.37 KB/s (1970 measurements)
  21:00 -  509880.54 KB/s (1961 measurements)
  22:00 -  503316.37 KB/s (1956 measurements)
  23:00 -  522107.67 KB/s (1935 measurements)

Average bandwidth by day of week:
  Monday    -  517847.28 KB/s (6722 measurements)
  Tuesday   -  511171.44 KB/s (6814 measurements)
  Wednesday -  578106.19 KB/s (6658 measurements)
  Thursday  -  508964.55 KB/s (6790 measurements)
  Friday    -  467759.73 KB/s (6964 measurements)
  Saturday  -  497914.82 KB/s (6606 measurements)
  Sunday    -  463261.25 KB/s (6440 measurements)

Generating plots...
Saved plot to relay_369CC0E7_hourly.png
Saved plot to relay_369CC0E7_daily.png

Analysis complete for relay 369CC0E726E53B8566F25EEB7A72E4F88A217B9B
[DONE] Completed at: 2025-11-07T10:57:23-06:00
